[2026-09-19T15:12:11Z] === ENRICH ITERATION 1 START | repo=prompt-toolkit/python-prompt-toolkit sha=4432d623 ===
[2026-09-19T15:12:11Z] [iter=1] PHASE START: enrich repo=prompt-toolkit/python-prompt-toolkit sha=4432d623 runlog=/home/runner/work/forx/forx/storage/aggregate/lsp/logs/4432d623-enrich-iter-001.log output=/home/runner/work/forx/forx/storage/aggregate/lsp/4432d6233fd8e0efba5920a9650e515f54a20300.nq.gz
[2026-09-19T15:12:11Z] [iter=1] Step 1: Loading AST into disk-backed store mem_mb=78 MB
[2026-09-19T15:12:30Z] [iter=1] AST store loaded triples=1667942 load_secs=19 mem_mb=987 MB
[2026-09-19T15:12:30Z] [iter=1] Step 2: Finding LSP targets mem_mb=987 MB
[2026-09-19T15:12:32Z] [iter=1] LSP targets found call_sites=9118 imports=0 extends=0 implements=0 secs=2
[2026-09-19T15:12:34Z] [iter=1] Step 2.7: Building position index (one-shot, shared across resolvers) mem_mb=987 MB
[2026-09-19T15:12:39Z] [iter=1] Position index built positions=114360 nodes_with_types=148069 secs=5 mem_mb=987 MB
[2026-09-19T15:12:39Z] [iter=1] Step 3: Starting LSP resolution mem_mb=987 MB already_completed_types=[] already_completed_files=0
[2026-09-19T15:12:39Z] [iter=1] Resolving target type target_type=call_site count=9118
[2026-09-19T15:13:56Z] [iter=1] HEARTBEAT target_type=call_site elapsed_min=1.7 files_done=1 resolved=148 errors=187 current=src/prompt_toolkit/layout/controls.py
[2026-09-19T15:14:30Z] [iter=1] HEARTBEAT target_type=call_site elapsed_min=2.3 files_done=2 resolved=174 errors=281 current=src/prompt_toolkit/layout/dimension.py
[2026-09-19T15:15:33Z] [iter=1] HEARTBEAT target_type=call_site elapsed_min=3.4 files_done=4 resolved=199 errors=464 current=examples/telnet/chat-app.py
[2026-09-19T15:16:05Z] [iter=1] HEARTBEAT target_type=call_site elapsed_min=3.9 files_done=8 resolved=282 errors=550 current=src/prompt_toolkit/layout/containers.py
[2026-09-19T15:17:40Z] [iter=1] HEARTBEAT target_type=call_site elapsed_min=5.5 files_done=9 resolved=408 errors=824 current=src/prompt_toolkit/key_binding/bindings/emacs.py
[2026-09-19T15:19:13Z] [iter=1] HEARTBEAT target_type=call_site elapsed_min=7.0 files_done=10 resolved=411 errors=1085 current=src/prompt_toolkit/completion/base.py
[2026-09-19T15:22:39Z] [iter=1] HEARTBEAT target_type=call_site elapsed_min=10.5 files_done=13 resolved=499 errors=1622 current=tests/test_style_transformation.py
[2026-09-19T15:23:10Z] [iter=1] HEARTBEAT target_type=call_site elapsed_min=11.0 files_done=17 resolved=552 errors=1708 current=src/prompt_toolkit/document.py
[2026-09-19T15:23:41Z] [iter=1] HEARTBEAT target_type=call_site elapsed_min=11.5 files_done=22 resolved=739 errors=1797 current=examples/progress-bar/a-lot-of-parallel-tasks.py
[2026-09-19T15:24:24Z] [iter=1] HEARTBEAT target_type=call_site elapsed_min=12.2 files_done=27 resolved=867 errors=1917 current=examples/prompts/auto-completion/colored-completions.py
[2026-09-19T15:25:25Z] [iter=1] HEARTBEAT target_type=call_site elapsed_min=13.2 files_done=30 resolved=998 errors=2091 current=src/prompt_toolkit/layout/dummy.py
[2026-09-19T15:26:22Z] [iter=1] HEARTBEAT target_type=call_site elapsed_min=14.2 files_done=34 resolved=1104 errors=2255 current=src/prompt_toolkit/completion/nested.py
[2026-09-19T15:27:19Z] [iter=1] HEARTBEAT target_type=call_site elapsed_min=15.1 files_done=38 resolved=1156 errors=2403 current=src/prompt_toolkit/input/vt100.py
[2026-09-19T15:28:45Z] [iter=1] HEARTBEAT target_type=call_site elapsed_min=16.6 files_done=44 resolved=1230 errors=2655 current=src/prompt_toolkit/output/vt100.py
[2026-09-19T15:29:23Z] [iter=1] HEARTBEAT target_type=call_site elapsed_min=17.2 files_done=48 resolved=1344 errors=2760 current=src/prompt_toolkit/widgets/toolbars.py
[2026-09-19T15:30:04Z] [iter=1] HEARTBEAT target_type=call_site elapsed_min=17.9 files_done=50 resolved=1396 errors=2876 current=src/prompt_toolkit/widgets/base.py
[2026-09-19T15:30:45Z] [iter=1] HEARTBEAT target_type=call_site elapsed_min=18.6 files_done=51 resolved=1438 errors=2997 current=src/prompt_toolkit/validation.py
[2026-09-19T15:31:50Z] [iter=1] HEARTBEAT target_type=call_site elapsed_min=19.6 files_done=58 resolved=1510 errors=3184 current=tests/test_key_binding.py
[2026-09-19T15:32:39Z] [iter=1] HEARTBEAT target_type=call_site elapsed_min=20.5 files_done=74 resolved=1689 errors=3324 current=src/prompt_toolkit/completion/fuzzy_completer.py
[2026-09-19T15:33:20Z] [iter=1] HEARTBEAT target_type=call_site elapsed_min=21.1 files_done=79 resolved=1771 errors=3441 current=src/prompt_toolkit/patch_stdout.py
[2026-09-19T15:33:52Z] [iter=1] HEARTBEAT target_type=call_site elapsed_min=21.7 files_done=83 resolved=1834 errors=3537 current=src/prompt_toolkit/key_binding/key_processor.py
[2026-09-19T15:34:27Z] [iter=1] HEARTBEAT target_type=call_site elapsed_min=22.3 files_done=85 resolved=1927 errors=3640 current=src/prompt_toolkit/contrib/regular_languages/compiler.py
[2026-09-19T15:35:04Z] [iter=1] HEARTBEAT target_type=call_site elapsed_min=22.9 files_done=94 resolved=2095 errors=3744 current=examples/prompts/history/persistent-history.py
[2026-09-19T15:35:37Z] [iter=1] HEARTBEAT target_type=call_site elapsed_min=23.4 files_done=114 resolved=2232 errors=3829 current=src/prompt_toolkit/layout/screen.py
[2026-09-19T15:36:21Z] [iter=1] HEARTBEAT target_type=call_site elapsed_min=24.2 files_done=124 resolved=2338 errors=3951 current=src/prompt_toolkit/styles/defaults.py
[2026-09-19T15:36:54Z] [iter=1] HEARTBEAT target_type=call_site elapsed_min=24.7 files_done=130 resolved=2375 errors=4035 current=src/prompt_toolkit/completion/filesystem.py
[2026-09-19T15:37:25Z] [iter=1] HEARTBEAT target_type=call_site elapsed_min=25.2 files_done=144 resolved=2481 errors=4126 current=src/prompt_toolkit/output/color_depth.py
[2026-09-19T15:37:56Z] [iter=1] HEARTBEAT target_type=call_site elapsed_min=25.7 files_done=171 resolved=2586 errors=4214 current=examples/full-screen/simple-demos/colorcolumn.py
[2026-09-19T15:38:31Z] [iter=1] HEARTBEAT target_type=call_site elapsed_min=26.3 files_done=185 resolved=2652 errors=4315 current=examples/prompts/auto-suggestion.py
[2026-09-19T15:39:01Z] [iter=1] HEARTBEAT target_type=call_site elapsed_min=26.8 files_done=217 resolved=2753 errors=4403 current=examples/prompts/get-input-with-default.py
[2026-09-19T15:39:13Z] [iter=1] Target type resolved target_type=call_site resolved=2823 errors=4436 secs=1594 mem_mb=987 MB
[2026-09-19T15:39:20Z] [iter=1] Step 5: Writing final enrichment file triples=89224
[2026-09-19T15:39:21Z] [iter=1] Enrichment file written path=/home/runner/work/forx/forx/storage/aggregate/lsp/4432d6233fd8e0efba5920a9650e515f54a20300.nq.gz size_kb=2149
[2026-09-19T15:39:21Z] [iter=1] PHASE END: enrich elapsed_s=1630 elapsed_min=27.2 total_triples=89224
