[2026-09-19T09:28:23Z] === ENRICH ITERATION 1 START | repo=prompt-toolkit/python-prompt-toolkit sha=66954112 ===
[2026-09-19T09:28:23Z] [iter=1] PHASE START: enrich repo=prompt-toolkit/python-prompt-toolkit sha=66954112 runlog=/home/runner/work/forx/forx/storage/aggregate/lsp/logs/66954112-enrich-iter-001.log output=/home/runner/work/forx/forx/storage/aggregate/lsp/669541123c9a72da1fda662cbd0a18ffe9e6d113.nq.gz
[2026-09-19T09:28:23Z] [iter=1] Step 1: Loading AST into disk-backed store mem_mb=78 MB
[2026-09-19T09:28:42Z] [iter=1] AST store loaded triples=1670056 load_secs=18 mem_mb=981 MB
[2026-09-19T09:28:42Z] [iter=1] Step 2: Finding LSP targets mem_mb=981 MB
[2026-09-19T09:28:44Z] [iter=1] LSP targets found call_sites=9100 imports=0 extends=0 implements=0 secs=2
[2026-09-19T09:28:46Z] [iter=1] Step 2.7: Building position index (one-shot, shared across resolvers) mem_mb=981 MB
[2026-09-19T09:28:53Z] [iter=1] Position index built positions=114521 nodes_with_types=148221 secs=7 mem_mb=981 MB
[2026-09-19T09:28:53Z] [iter=1] Step 3: Starting LSP resolution mem_mb=981 MB already_completed_types=[] already_completed_files=0
[2026-09-19T09:28:53Z] [iter=1] Resolving target type target_type=call_site count=9100
[2026-09-19T09:28:54Z] [iter=1] HEARTBEAT target_type=call_site elapsed_min=0.5 files_done=0 resolved=0 errors=0 current=src/prompt_toolkit/output/win32.py
[2026-09-19T09:29:47Z] [iter=1] HEARTBEAT target_type=call_site elapsed_min=1.4 files_done=2 resolved=95 errors=109 current=src/prompt_toolkit/buffer.py
[2026-09-19T09:31:29Z] [iter=1] HEARTBEAT target_type=call_site elapsed_min=3.1 files_done=3 resolved=242 errors=296 current=src/prompt_toolkit/formatted_text/html.py
[2026-09-19T09:32:15Z] [iter=1] HEARTBEAT target_type=call_site elapsed_min=3.9 files_done=5 resolved=327 errors=389 current=src/prompt_toolkit/key_binding/bindings/emacs.py
[2026-09-19T09:34:21Z] [iter=1] HEARTBEAT target_type=call_site elapsed_min=6.0 files_done=6 resolved=330 errors=649 current=src/prompt_toolkit/layout/containers.py
[2026-09-19T09:36:30Z] [iter=1] HEARTBEAT target_type=call_site elapsed_min=8.1 files_done=7 resolved=455 errors=923 current=src/prompt_toolkit/layout/layout.py
[2026-09-19T09:37:09Z] [iter=1] HEARTBEAT target_type=call_site elapsed_min=8.8 files_done=11 resolved=533 errors=1007 current=src/prompt_toolkit/key_binding/bindings/vi.py
[2026-09-19T09:41:09Z] [iter=1] HEARTBEAT target_type=call_site elapsed_min=12.8 files_done=12 resolved=592 errors=1468 current=src/prompt_toolkit/key_binding/bindings/mouse.py
[2026-09-19T09:43:01Z] [iter=1] HEARTBEAT target_type=call_site elapsed_min=14.6 files_done=15 resolved=700 errors=1705 current=tests/test_cli.py
[2026-09-19T09:44:04Z] [iter=1] HEARTBEAT target_type=call_site elapsed_min=15.7 files_done=16 resolved=723 errors=1840 current=src/prompt_toolkit/application/application.py
[2026-09-19T09:45:22Z] [iter=1] HEARTBEAT target_type=call_site elapsed_min=17.0 files_done=17 resolved=844 errors=2002 current=src/prompt_toolkit/key_binding/defaults.py
[2026-09-19T09:45:54Z] [iter=1] HEARTBEAT target_type=call_site elapsed_min=17.5 files_done=19 resolved=883 errors=2068 current=src/prompt_toolkit/output/vt100.py
[2026-09-19T09:46:24Z] [iter=1] HEARTBEAT target_type=call_site elapsed_min=18.0 files_done=22 resolved=958 errors=2131 current=examples/prompts/colored-prompt.py
[2026-09-19T09:47:28Z] [iter=1] HEARTBEAT target_type=call_site elapsed_min=19.1 files_done=25 resolved=996 errors=2268 current=src/prompt_toolkit/input/vt100.py
[2026-09-19T09:47:58Z] [iter=1] HEARTBEAT target_type=call_site elapsed_min=19.6 files_done=31 resolved=1168 errors=2327 current=examples/full-screen/dummy-app.py
[2026-09-19T09:49:16Z] [iter=1] HEARTBEAT target_type=call_site elapsed_min=20.9 files_done=35 resolved=1280 errors=2492 current=src/prompt_toolkit/key_binding/bindings/named_commands.py
[2026-09-19T09:50:20Z] [iter=1] HEARTBEAT target_type=call_site elapsed_min=22.0 files_done=36 resolved=1302 errors=2616 current=src/prompt_toolkit/layout/controls.py
[2026-09-19T09:51:06Z] [iter=1] HEARTBEAT target_type=call_site elapsed_min=22.7 files_done=37 resolved=1328 errors=2710 current=src/prompt_toolkit/clipboard/base.py
[2026-09-19T09:52:42Z] [iter=1] HEARTBEAT target_type=call_site elapsed_min=24.3 files_done=45 resolved=1372 errors=2916 current=src/prompt_toolkit/contrib/telnet/protocol.py
[2026-09-19T09:53:21Z] [iter=1] HEARTBEAT target_type=call_site elapsed_min=25.0 files_done=47 resolved=1436 errors=2999 current=src/prompt_toolkit/validation.py
[2026-09-19T09:53:55Z] [iter=1] HEARTBEAT target_type=call_site elapsed_min=25.5 files_done=50 resolved=1579 errors=3070 current=src/prompt_toolkit/key_binding/bindings/completion.py
[2026-09-19T09:55:02Z] [iter=1] HEARTBEAT target_type=call_site elapsed_min=26.7 files_done=53 resolved=1652 errors=3212 current=src/prompt_toolkit/application/run_in_terminal.py
[2026-09-19T09:55:35Z] [iter=1] HEARTBEAT target_type=call_site elapsed_min=27.2 files_done=60 resolved=1734 errors=3278 current=examples/prompts/auto-completion/autocomplete-with-control-space.py
[2026-09-19T09:56:32Z] [iter=1] HEARTBEAT target_type=call_site elapsed_min=28.1 files_done=64 resolved=1770 errors=3397 current=src/prompt_toolkit/shortcuts/progress_bar/formatters.py
[2026-09-19T09:57:05Z] [iter=1] HEARTBEAT target_type=call_site elapsed_min=28.7 files_done=66 resolved=1829 errors=3466 current=examples/prompts/get-input-vi-mode.py
[2026-09-19T09:57:46Z] [iter=1] HEARTBEAT target_type=call_site elapsed_min=29.4 files_done=73 resolved=1931 errors=3553 current=src/prompt_toolkit/key_binding/bindings/page_navigation.py
[2026-09-19T09:58:25Z] [iter=1] HEARTBEAT target_type=call_site elapsed_min=30.0 files_done=80 resolved=2025 errors=3634 current=src/prompt_toolkit/formatted_text/base.py
[2026-09-19T09:58:55Z] [iter=1] HEARTBEAT target_type=call_site elapsed_min=30.5 files_done=94 resolved=2137 errors=3697 current=tools/debug_vt100_input.py
[2026-09-19T09:59:37Z] [iter=1] HEARTBEAT target_type=call_site elapsed_min=31.2 files_done=100 resolved=2195 errors=3783 current=src/prompt_toolkit/key_binding/bindings/scroll.py
[2026-09-19T10:00:11Z] [iter=1] HEARTBEAT target_type=call_site elapsed_min=31.8 files_done=106 resolved=2258 errors=3847 current=examples/prompts/up-arrow-partial-string-matching.py
[2026-09-19T10:01:04Z] [iter=1] HEARTBEAT target_type=call_site elapsed_min=32.7 files_done=116 resolved=2312 errors=3957 current=src/prompt_toolkit/shortcuts/utils.py
[2026-09-19T10:01:34Z] [iter=1] HEARTBEAT target_type=call_site elapsed_min=33.2 files_done=125 resolved=2354 errors=4021 current=examples/print-text/ansi.py
[2026-09-19T10:02:04Z] [iter=1] HEARTBEAT target_type=call_site elapsed_min=33.7 files_done=135 resolved=2370 errors=4085 current=src/prompt_toolkit/eventloop/inputhook.py
[2026-09-19T10:02:37Z] [iter=1] HEARTBEAT target_type=call_site elapsed_min=34.2 files_done=151 resolved=2484 errors=4150 current=examples/prompts/asyncio-prompt.py
[2026-09-19T10:03:10Z] [iter=1] HEARTBEAT target_type=call_site elapsed_min=34.8 files_done=161 resolved=2535 errors=4220 current=tests/test_vt100_output.py
[2026-09-19T10:03:44Z] [iter=1] HEARTBEAT target_type=call_site elapsed_min=35.3 files_done=179 resolved=2653 errors=4291 current=examples/dialogs/styled_messagebox.py
[2026-09-19T10:04:16Z] [iter=1] HEARTBEAT target_type=call_site elapsed_min=35.9 files_done=202 resolved=2725 errors=4359 current=tools/debug_input_cross_platform.py
[2026-09-19T10:04:46Z] [iter=1] HEARTBEAT target_type=call_site elapsed_min=36.4 files_done=240 resolved=2797 errors=4423 current=examples/prompts/switch-between-vi-emacs.py
[2026-09-19T10:04:51Z] [iter=1] Target type resolved target_type=call_site resolved=2808 errors=4432 secs=2158 mem_mb=981 MB
[2026-09-19T10:04:59Z] [iter=1] Step 5: Writing final enrichment file triples=89175
[2026-09-19T10:05:00Z] [iter=1] Enrichment file written path=/home/runner/work/forx/forx/storage/aggregate/lsp/669541123c9a72da1fda662cbd0a18ffe9e6d113.nq.gz size_kb=2151
[2026-09-19T10:05:00Z] [iter=1] PHASE END: enrich elapsed_s=2197 elapsed_min=36.6 total_triples=89175
