[2026-09-19T23:59:14Z] === ENRICH ITERATION 1 START | repo=prompt-toolkit/python-prompt-toolkit sha=da05f669 ===
[2026-09-19T23:59:14Z] [iter=1] PHASE START: enrich repo=prompt-toolkit/python-prompt-toolkit sha=da05f669 runlog=/home/runner/work/forx/forx/storage/aggregate/lsp/logs/da05f669-enrich-iter-001.log output=/home/runner/work/forx/forx/storage/aggregate/lsp/da05f669d00817655f76b82972272d4d5f4d4225.nq.gz
[2026-09-19T23:59:14Z] [iter=1] Step 1: Loading AST into disk-backed store mem_mb=78 MB
[2026-09-19T23:59:27Z] [iter=1] AST store loaded triples=1680812 load_secs=12 mem_mb=990 MB
[2026-09-19T23:59:27Z] [iter=1] Step 2: Finding LSP targets mem_mb=990 MB
[2026-09-19T23:59:30Z] [iter=1] LSP targets found call_sites=9072 imports=0 extends=0 implements=0 secs=3
[2026-09-19T23:59:33Z] [iter=1] Step 2.7: Building position index (one-shot, shared across resolvers) mem_mb=990 MB
[2026-09-19T23:59:44Z] [iter=1] Position index built positions=115392 nodes_with_types=149398 secs=11 mem_mb=990 MB
[2026-09-19T23:59:44Z] [iter=1] Step 3: Starting LSP resolution mem_mb=990 MB already_completed_types=[] already_completed_files=0
[2026-09-19T23:59:44Z] [iter=1] Resolving target type target_type=call_site count=9072
[2026-09-19T23:59:45Z] [iter=1] HEARTBEAT target_type=call_site elapsed_min=0.5 files_done=0 resolved=0 errors=0 current=src/prompt_toolkit/contrib/ssh/server.py
[2026-09-20T00:00:23Z] [iter=1] HEARTBEAT target_type=call_site elapsed_min=1.2 files_done=4 resolved=68 errors=50 current=tests/test_key_binding.py
[2026-09-20T00:01:09Z] [iter=1] HEARTBEAT target_type=call_site elapsed_min=1.9 files_done=7 resolved=113 errors=110 current=src/prompt_toolkit/contrib/telnet/server.py
[2026-09-20T00:01:49Z] [iter=1] HEARTBEAT target_type=call_site elapsed_min=2.6 files_done=9 resolved=166 errors=164 current=src/prompt_toolkit/key_binding/bindings/vi.py
[2026-09-20T00:07:55Z] [iter=1] HEARTBEAT target_type=call_site elapsed_min=8.7 files_done=10 resolved=225 errors=624 current=src/prompt_toolkit/layout/containers.py
[2026-09-20T00:11:17Z] [iter=1] HEARTBEAT target_type=call_site elapsed_min=12.0 files_done=11 resolved=352 errors=898 current=tests/test_print_formatted_text.py
[2026-09-20T00:11:55Z] [iter=1] HEARTBEAT target_type=call_site elapsed_min=12.7 files_done=13 resolved=392 errors=950 current=examples/full-screen/text-editor.py
[2026-09-20T00:12:36Z] [iter=1] HEARTBEAT target_type=call_site elapsed_min=13.4 files_done=15 resolved=452 errors=1005 current=examples/prompts/custom-lexer.py
[2026-09-20T00:14:37Z] [iter=1] HEARTBEAT target_type=call_site elapsed_min=15.4 files_done=17 resolved=557 errors=1168 current=src/prompt_toolkit/key_binding/bindings/named_commands.py
[2026-09-20T00:16:16Z] [iter=1] HEARTBEAT target_type=call_site elapsed_min=17.0 files_done=18 resolved=579 errors=1292 current=src/prompt_toolkit/key_binding/bindings/emacs.py
[2026-09-20T00:19:31Z] [iter=1] HEARTBEAT target_type=call_site elapsed_min=20.3 files_done=19 resolved=582 errors=1553 current=src/prompt_toolkit/contrib/regular_languages/compiler.py
[2026-09-20T00:20:05Z] [iter=1] HEARTBEAT target_type=call_site elapsed_min=20.9 files_done=20 resolved=648 errors=1600 current=src/prompt_toolkit/widgets/base.py
[2026-09-20T00:21:34Z] [iter=1] HEARTBEAT target_type=call_site elapsed_min=22.3 files_done=21 resolved=690 errors=1721 current=src/prompt_toolkit/buffer.py
[2026-09-20T00:24:10Z] [iter=1] HEARTBEAT target_type=call_site elapsed_min=24.9 files_done=22 resolved=836 errors=1910 current=examples/full-screen/simple-demos/floats.py
[2026-09-20T00:24:46Z] [iter=1] HEARTBEAT target_type=call_site elapsed_min=25.5 files_done=26 resolved=918 errors=1959 current=src/prompt_toolkit/formatted_text/ansi.py
[2026-09-20T00:25:39Z] [iter=1] HEARTBEAT target_type=call_site elapsed_min=26.4 files_done=28 resolved=1025 errors=2028 current=src/prompt_toolkit/history.py
[2026-09-20T00:26:13Z] [iter=1] HEARTBEAT target_type=call_site elapsed_min=27.0 files_done=30 resolved=1060 errors=2074 current=examples/prompts/rprompt.py
[2026-09-20T00:26:45Z] [iter=1] HEARTBEAT target_type=call_site elapsed_min=27.5 files_done=34 resolved=1180 errors=2116 current=src/prompt_toolkit/shortcuts/utils.py
[2026-09-20T00:29:30Z] [iter=1] HEARTBEAT target_type=call_site elapsed_min=30.3 files_done=37 resolved=1210 errors=2342 current=examples/prompts/input-validation.py
[2026-09-20T00:30:31Z] [iter=1] HEARTBEAT target_type=call_site elapsed_min=31.3 files_done=40 resolved=1225 errors=2425 current=examples/prompts/switch-between-vi-emacs.py
[2026-09-20T00:31:42Z] [iter=1] HEARTBEAT target_type=call_site elapsed_min=32.5 files_done=42 resolved=1251 errors=2520 current=src/prompt_toolkit/key_binding/bindings/completion.py
[2026-09-20T00:32:12Z] [iter=1] HEARTBEAT target_type=call_site elapsed_min=33.0 files_done=43 resolved=1273 errors=2561 current=src/prompt_toolkit/contrib/telnet/protocol.py
[2026-09-20T00:32:44Z] [iter=1] HEARTBEAT target_type=call_site elapsed_min=33.5 files_done=44 resolved=1290 errors=2604 current=src/prompt_toolkit/completion/nested.py
[2026-09-20T00:34:15Z] [iter=1] HEARTBEAT target_type=call_site elapsed_min=35.0 files_done=46 resolved=1334 errors=2729 current=tools/debug_input_cross_platform.py
[2026-09-20T00:34:56Z] [iter=1] HEARTBEAT target_type=call_site elapsed_min=35.7 files_done=49 resolved=1478 errors=2784 current=src/prompt_toolkit/application/current.py
[2026-09-20T00:37:14Z] [iter=1] HEARTBEAT target_type=call_site elapsed_min=38.0 files_done=51 resolved=1482 errors=2973 current=src/prompt_toolkit/shortcuts/progress_bar/base.py
[2026-09-20T00:38:16Z] [iter=1] HEARTBEAT target_type=call_site elapsed_min=39.0 files_done=53 resolved=1524 errors=3058 current=src/prompt_toolkit/layout/screen.py
[2026-09-20T00:38:48Z] [iter=1] HEARTBEAT target_type=call_site elapsed_min=39.6 files_done=59 resolved=1582 errors=3097 current=examples/full-screen/simple-demos/vertical-split.py
[2026-09-20T00:40:37Z] [iter=1] HEARTBEAT target_type=call_site elapsed_min=41.4 files_done=63 resolved=1625 errors=3236 current=src/prompt_toolkit/styles/style.py
[2026-09-20T00:41:19Z] [iter=1] HEARTBEAT target_type=call_site elapsed_min=42.1 files_done=65 resolved=1727 errors=3292 current=tests/test_yank_nth_arg.py
[2026-09-20T00:41:50Z] [iter=1] HEARTBEAT target_type=call_site elapsed_min=42.6 files_done=71 resolved=1770 errors=3334 current=examples/progress-bar/styled-rainbow.py
[2026-09-20T00:42:55Z] [iter=1] HEARTBEAT target_type=call_site elapsed_min=43.7 files_done=73 resolved=1834 errors=3420 current=src/prompt_toolkit/widgets/toolbars.py
[2026-09-20T00:43:46Z] [iter=1] HEARTBEAT target_type=call_site elapsed_min=44.5 files_done=74 resolved=1848 errors=3488 current=src/prompt_toolkit/output/win32.py
[2026-09-20T00:44:31Z] [iter=1] HEARTBEAT target_type=call_site elapsed_min=45.3 files_done=75 resolved=1906 errors=3549 current=examples/prompts/inputhook.py
[2026-09-20T00:45:34Z] [iter=1] HEARTBEAT target_type=call_site elapsed_min=46.3 files_done=80 resolved=1963 errors=3636 current=src/prompt_toolkit/layout/dimension.py
[2026-09-20T00:46:36Z] [iter=1] HEARTBEAT target_type=call_site elapsed_min=47.4 files_done=87 resolved=2047 errors=3719 current=src/prompt_toolkit/key_binding/bindings/search.py
[2026-09-20T00:47:06Z] [iter=1] HEARTBEAT target_type=call_site elapsed_min=47.9 files_done=91 resolved=2083 errors=3760 current=examples/telnet/chat-app.py
[2026-09-20T00:47:42Z] [iter=1] HEARTBEAT target_type=call_site elapsed_min=48.5 files_done=96 resolved=2100 errors=3809 current=src/prompt_toolkit/widgets/menus.py
[2026-09-20T00:48:22Z] [iter=1] HEARTBEAT target_type=call_site elapsed_min=49.1 files_done=97 resolved=2139 errors=3864 current=examples/print-text/print-formatted-text.py
[2026-09-20T00:48:55Z] [iter=1] HEARTBEAT target_type=call_site elapsed_min=49.7 files_done=106 resolved=2160 errors=3909 current=src/prompt_toolkit/layout/processors.py
[2026-09-20T00:50:06Z] [iter=1] HEARTBEAT target_type=call_site elapsed_min=50.9 files_done=107 resolved=2204 errors=4006 current=examples/prompts/up-arrow-partial-string-matching.py
[2026-09-20T00:50:36Z] [iter=1] HEARTBEAT target_type=call_site elapsed_min=51.4 files_done=117 resolved=2250 errors=4039 current=examples/prompts/auto-completion/colored-completions-with-formatted-text.py
[2026-09-20T00:51:10Z] [iter=1] HEARTBEAT target_type=call_site elapsed_min=51.9 files_done=127 resolved=2296 errors=4084 current=tests/test_inputstream.py
[2026-09-20T00:51:41Z] [iter=1] HEARTBEAT target_type=call_site elapsed_min=52.4 files_done=134 resolved=2351 errors=4125 current=examples/prompts/auto-completion/fuzzy-custom-completer.py
[2026-09-20T00:52:20Z] [iter=1] HEARTBEAT target_type=call_site elapsed_min=53.1 files_done=144 resolved=2421 errors=4177 current=src/prompt_toolkit/lexers/base.py
[2026-09-20T00:52:58Z] [iter=1] HEARTBEAT target_type=call_site elapsed_min=53.7 files_done=155 resolved=2490 errors=4229 current=examples/print-text/pygments-tokens.py
[2026-09-20T00:53:30Z] [iter=1] HEARTBEAT target_type=call_site elapsed_min=54.3 files_done=165 resolved=2527 errors=4272 current=examples/prompts/get-password.py
[2026-09-20T00:54:03Z] [iter=1] HEARTBEAT target_type=call_site elapsed_min=54.8 files_done=183 resolved=2615 errors=4317 current=src/prompt_toolkit/completion/filesystem.py
[2026-09-20T00:54:34Z] [iter=1] HEARTBEAT target_type=call_site elapsed_min=55.3 files_done=212 resolved=2708 errors=4358 current=examples/prompts/terminal-title.py
[2026-09-20T00:55:04Z] [iter=1] HEARTBEAT target_type=call_site elapsed_min=55.8 files_done=219 resolved=2715 errors=4400 current=src/prompt_toolkit/layout/dummy.py
[2026-09-20T00:55:36Z] [iter=1] HEARTBEAT target_type=call_site elapsed_min=56.4 files_done=239 resolved=2746 errors=4443 current=src/prompt_toolkit/formatted_text/pygments.py
[2026-09-20T00:55:46Z] [iter=1] Target type resolved target_type=call_site resolved=2766 errors=4457 secs=3363 mem_mb=990 MB
[2026-09-20T00:55:56Z] [iter=1] Step 5: Writing final enrichment file triples=89183
[2026-09-20T00:55:58Z] [iter=1] Enrichment file written path=/home/runner/work/forx/forx/storage/aggregate/lsp/da05f669d00817655f76b82972272d4d5f4d4225.nq.gz size_kb=2157
[2026-09-20T00:55:58Z] [iter=1] PHASE END: enrich elapsed_s=3404 elapsed_min=56.7 total_triples=89183
